Circuit: * C:\Users\decha\OneDrive\Documents\semiconductor\vlsi-circuit-designs\verilog-combinational-basics\decoder\decoder_ltspice\predecoded_decoder.asc

Ignoring BSIM parameter XL
Ignoring BSIM parameter XW
Ignoring BSIM parameter XL
Ignoring BSIM parameter XW
Ignoring BSIM parameter XL
Ignoring BSIM parameter XW
Ignoring BSIM parameter XL
Ignoring BSIM parameter XW
Ignoring BSIM parameter XL
Ignoring BSIM parameter XW
Ignoring BSIM parameter XL
Ignoring BSIM parameter XW
WARNING: Node X1:X1:N001 is floating.
WARNING: Node X1:X1:N002 is floating.
WARNING: Node X1:N001 is floating.
WARNING: Node X1:X2:N001 is floating.
WARNING: Node X1:X2:N002 is floating.
WARNING: Node X1:N003 is floating.
WARNING: Node X1:X3:N001 is floating.
WARNING: Node X1:X3:N002 is floating.
WARNING: Node X1:X4:N001 is floating.
WARNING: Node X1:X4:N002 is floating.
WARNING: Node X3:N001 is floating.
WARNING: Node X3:N002 is floating.
WARNING: Node X4:N001 is floating.
WARNING: Node X4:N002 is floating.
WARNING: Node X5:N001 is floating.
WARNING: Node X5:N002 is floating.
WARNING: Node X6:N001 is floating.
WARNING: Node X6:N002 is floating.
WARNING: Node X7:N001 is floating.
WARNING: Node X7:N002 is floating.
WARNING: Node X8:N001 is floating.
WARNING: Node X8:N002 is floating.
WARNING: Node X9:N001 is floating.
WARNING: Node X9:N002 is floating.
WARNING: Node X10:N001 is floating.
WARNING: Node X10:N002 is floating.

WARNING: Less than two connections to node N003.  This node is used by V1.
Warning: Pd = 0 is less than W.
Warning: Ps = 0 is less than W.
Warning: Pd = 0 is less than W.
Warning: Ps = 0 is less than W.
Warning: Pd = 0 is less than W.
Warning: Ps = 0 is less than W.
Warning: Pd = 0 is less than W.
Warning: Ps = 0 is less than W.
Warning: Pd = 0 is less than W.
Warning: Ps = 0 is less than W.
Warning: Pd = 0 is less than W.
Warning: Ps = 0 is less than W.
Instance "m:x10:5": Length shorter than recommended for a level 1 MOSFET.
Instance "m:x10:5": Width narrower than recommended for a level 1 MOSFET.
Instance "m:x10:4": Length shorter than recommended for a level 1 MOSFET.
Instance "m:x10:4": Width narrower than recommended for a level 1 MOSFET.
Instance "m:x10:3": Length shorter than recommended for a level 1 MOSFET.
Instance "m:x10:3": Width narrower than recommended for a level 1 MOSFET.
Instance "m:x9:5": Length shorter than recommended for a level 1 MOSFET.
Instance "m:x9:5": Width narrower than recommended for a level 1 MOSFET.
Instance "m:x9:4": Length shorter than recommended for a level 1 MOSFET.
Instance "m:x9:4": Width narrower than recommended for a level 1 MOSFET.
Instance "m:x9:3": Length shorter than recommended for a level 1 MOSFET.
Instance "m:x9:3": Width narrower than recommended for a level 1 MOSFET.
Instance "m:x8:5": Length shorter than recommended for a level 1 MOSFET.
Instance "m:x8:5": Width narrower than recommended for a level 1 MOSFET.
Instance "m:x8:4": Length shorter than recommended for a level 1 MOSFET.
Instance "m:x8:4": Width narrower than recommended for a level 1 MOSFET.
Instance "m:x8:3": Length shorter than recommended for a level 1 MOSFET.
Instance "m:x8:3": Width narrower than recommended for a level 1 MOSFET.
Instance "m:x7:5": Length shorter than recommended for a level 1 MOSFET.
Instance "m:x7:5": Width narrower than recommended for a level 1 MOSFET.
Instance "m:x7:4": Length shorter than recommended for a level 1 MOSFET.
Instance "m:x7:4": Width narrower than recommended for a level 1 MOSFET.
Instance "m:x7:3": Length shorter than recommended for a level 1 MOSFET.
Instance "m:x7:3": Width narrower than recommended for a level 1 MOSFET.
Instance "m:x6:5": Length shorter than recommended for a level 1 MOSFET.
Instance "m:x6:5": Width narrower than recommended for a level 1 MOSFET.
Instance "m:x6:4": Length shorter than recommended for a level 1 MOSFET.
Instance "m:x6:4": Width narrower than recommended for a level 1 MOSFET.
Instance "m:x6:3": Length shorter than recommended for a level 1 MOSFET.
Instance "m:x6:3": Width narrower than recommended for a level 1 MOSFET.
Instance "m:x5:5": Length shorter than recommended for a level 1 MOSFET.
Instance "m:x5:5": Width narrower than recommended for a level 1 MOSFET.
Instance "m:x5:4": Length shorter than recommended for a level 1 MOSFET.
Instance "m:x5:4": Width narrower than recommended for a level 1 MOSFET.
Instance "m:x5:3": Length shorter than recommended for a level 1 MOSFET.
Instance "m:x5:3": Width narrower than recommended for a level 1 MOSFET.
Instance "m:x4:5": Length shorter than recommended for a level 1 MOSFET.
Instance "m:x4:5": Width narrower than recommended for a level 1 MOSFET.
Instance "m:x4:4": Length shorter than recommended for a level 1 MOSFET.
Instance "m:x4:4": Width narrower than recommended for a level 1 MOSFET.
Instance "m:x4:3": Length shorter than recommended for a level 1 MOSFET.
Instance "m:x4:3": Width narrower than recommended for a level 1 MOSFET.
Instance "m:x3:5": Length shorter than recommended for a level 1 MOSFET.
Instance "m:x3:5": Width narrower than recommended for a level 1 MOSFET.
Instance "m:x3:4": Length shorter than recommended for a level 1 MOSFET.
Instance "m:x3:4": Width narrower than recommended for a level 1 MOSFET.
Instance "m:x3:3": Length shorter than recommended for a level 1 MOSFET.
Instance "m:x3:3": Width narrower than recommended for a level 1 MOSFET.
Instance "m:x1:x4:5": Length shorter than recommended for a level 1 MOSFET.
Instance "m:x1:x4:5": Width narrower than recommended for a level 1 MOSFET.
Instance "m:x1:x4:4": Length shorter than recommended for a level 1 MOSFET.
Instance "m:x1:x4:4": Width narrower than recommended for a level 1 MOSFET.
Instance "m:x1:x4:3": Length shorter than recommended for a level 1 MOSFET.
Instance "m:x1:x4:3": Width narrower than recommended for a level 1 MOSFET.
Instance "m:x1:x3:5": Length shorter than recommended for a level 1 MOSFET.
Instance "m:x1:x3:5": Width narrower than recommended for a level 1 MOSFET.
Instance "m:x1:x3:4": Length shorter than recommended for a level 1 MOSFET.
Instance "m:x1:x3:4": Width narrower than recommended for a level 1 MOSFET.
Instance "m:x1:x3:3": Length shorter than recommended for a level 1 MOSFET.
Instance "m:x1:x3:3": Width narrower than recommended for a level 1 MOSFET.
Instance "m:x1:x2:5": Length shorter than recommended for a level 1 MOSFET.
Instance "m:x1:x2:5": Width narrower than recommended for a level 1 MOSFET.
Instance "m:x1:x2:4": Length shorter than recommended for a level 1 MOSFET.
Instance "m:x1:x2:4": Width narrower than recommended for a level 1 MOSFET.
Instance "m:x1:x2:3": Length shorter than recommended for a level 1 MOSFET.
Instance "m:x1:x2:3": Width narrower than recommended for a level 1 MOSFET.
Instance "m:x1:x1:5": Length shorter than recommended for a level 1 MOSFET.
Instance "m:x1:x1:5": Width narrower than recommended for a level 1 MOSFET.
Instance "m:x1:x1:4": Length shorter than recommended for a level 1 MOSFET.
Instance "m:x1:x1:4": Width narrower than recommended for a level 1 MOSFET.
Instance "m:x1:x1:3": Length shorter than recommended for a level 1 MOSFET.
Instance "m:x1:x1:3": Width narrower than recommended for a level 1 MOSFET.
Instance "m:x10:6": Length shorter than recommended for a level 1 MOSFET.
Instance "m:x10:6": Width narrower than recommended for a level 1 MOSFET.
Instance "m:x10:2": Length shorter than recommended for a level 1 MOSFET.
Instance "m:x10:2": Width narrower than recommended for a level 1 MOSFET.
Instance "m:x10:1": Length shorter than recommended for a level 1 MOSFET.
Instance "m:x10:1": Width narrower than recommended for a level 1 MOSFET.
Instance "m:x9:6": Length shorter than recommended for a level 1 MOSFET.
Instance "m:x9:6": Width narrower than recommended for a level 1 MOSFET.
Instance "m:x9:2": Length shorter than recommended for a level 1 MOSFET.
Instance "m:x9:2": Width narrower than recommended for a level 1 MOSFET.
Instance "m:x9:1": Length shorter than recommended for a level 1 MOSFET.
Instance "m:x9:1": Width narrower than recommended for a level 1 MOSFET.
Instance "m:x8:6": Length shorter than recommended for a level 1 MOSFET.
Instance "m:x8:6": Width narrower than recommended for a level 1 MOSFET.
Instance "m:x8:2": Length shorter than recommended for a level 1 MOSFET.
Instance "m:x8:2": Width narrower than recommended for a level 1 MOSFET.
Instance "m:x8:1": Length shorter than recommended for a level 1 MOSFET.
Instance "m:x8:1": Width narrower than recommended for a level 1 MOSFET.
Instance "m:x7:6": Length shorter than recommended for a level 1 MOSFET.
Instance "m:x7:6": Width narrower than recommended for a level 1 MOSFET.
Instance "m:x7:2": Length shorter than recommended for a level 1 MOSFET.
Instance "m:x7:2": Width narrower than recommended for a level 1 MOSFET.
Instance "m:x7:1": Length shorter than recommended for a level 1 MOSFET.
Instance "m:x7:1": Width narrower than recommended for a level 1 MOSFET.
Instance "m:x6:6": Length shorter than recommended for a level 1 MOSFET.
Instance "m:x6:6": Width narrower than recommended for a level 1 MOSFET.
Instance "m:x6:2": Length shorter than recommended for a level 1 MOSFET.
Instance "m:x6:2": Width narrower than recommended for a level 1 MOSFET.
Instance "m:x6:1": Length shorter than recommended for a level 1 MOSFET.
Instance "m:x6:1": Width narrower than recommended for a level 1 MOSFET.
Instance "m:x5:6": Length shorter than recommended for a level 1 MOSFET.
Instance "m:x5:6": Width narrower than recommended for a level 1 MOSFET.
Instance "m:x5:2": Length shorter than recommended for a level 1 MOSFET.
Instance "m:x5:2": Width narrower than recommended for a level 1 MOSFET.
Instance "m:x5:1": Length shorter than recommended for a level 1 MOSFET.
Instance "m:x5:1": Width narrower than recommended for a level 1 MOSFET.
Instance "m:x4:6": Length shorter than recommended for a level 1 MOSFET.
Instance "m:x4:6": Width narrower than recommended for a level 1 MOSFET.
Instance "m:x4:2": Length shorter than recommended for a level 1 MOSFET.
Instance "m:x4:2": Width narrower than recommended for a level 1 MOSFET.
Instance "m:x4:1": Length shorter than recommended for a level 1 MOSFET.
Instance "m:x4:1": Width narrower than recommended for a level 1 MOSFET.
Instance "m:x3:6": Length shorter than recommended for a level 1 MOSFET.
Instance "m:x3:6": Width narrower than recommended for a level 1 MOSFET.
Instance "m:x3:2": Length shorter than recommended for a level 1 MOSFET.
Instance "m:x3:2": Width narrower than recommended for a level 1 MOSFET.
Instance "m:x3:1": Length shorter than recommended for a level 1 MOSFET.
Instance "m:x3:1": Width narrower than recommended for a level 1 MOSFET.
Instance "m:x1:x4:6": Length shorter than recommended for a level 1 MOSFET.
Instance "m:x1:x4:6": Width narrower than recommended for a level 1 MOSFET.
Instance "m:x1:x4:2": Length shorter than recommended for a level 1 MOSFET.
Instance "m:x1:x4:2": Width narrower than recommended for a level 1 MOSFET.
Instance "m:x1:x4:1": Length shorter than recommended for a level 1 MOSFET.
Instance "m:x1:x4:1": Width narrower than recommended for a level 1 MOSFET.
Instance "m:x1:x3:6": Length shorter than recommended for a level 1 MOSFET.
Instance "m:x1:x3:6": Width narrower than recommended for a level 1 MOSFET.
Instance "m:x1:x3:2": Length shorter than recommended for a level 1 MOSFET.
Instance "m:x1:x3:2": Width narrower than recommended for a level 1 MOSFET.
Instance "m:x1:x3:1": Length shorter than recommended for a level 1 MOSFET.
Instance "m:x1:x3:1": Width narrower than recommended for a level 1 MOSFET.
Instance "m:x1:x2:6": Length shorter than recommended for a level 1 MOSFET.
Instance "m:x1:x2:6": Width narrower than recommended for a level 1 MOSFET.
Instance "m:x1:x2:2": Length shorter than recommended for a level 1 MOSFET.
Instance "m:x1:x2:2": Width narrower than recommended for a level 1 MOSFET.
Instance "m:x1:x2:1": Length shorter than recommended for a level 1 MOSFET.
Instance "m:x1:x2:1": Width narrower than recommended for a level 1 MOSFET.
Instance "m:x1:x1:6": Length shorter than recommended for a level 1 MOSFET.
Instance "m:x1:x1:6": Width narrower than recommended for a level 1 MOSFET.
Instance "m:x1:x1:2": Length shorter than recommended for a level 1 MOSFET.
Instance "m:x1:x1:2": Width narrower than recommended for a level 1 MOSFET.
Instance "m:x1:x1:1": Length shorter than recommended for a level 1 MOSFET.
Instance "m:x1:x1:1": Width narrower than recommended for a level 1 MOSFET.
Direct Newton iteration failed to find .op point.  (Use ".option noopiter" to skip.)
Starting Gmin stepping
Gmin = 10
Gmin = 1.07374
Gmin = 0.115292
Gmin = 0.0123794
Gmin = 0.00132923
Gmin = 0.000142725
Gmin = 1.5325e-005
Gmin = 1.6455e-006
Gmin = 1.76685e-007
Gmin = 1.89714e-008
Gmin = 2.03704e-009
Gmin = 2.18725e-010
Gmin = 2.34854e-011
Gmin = 2.52173e-012
Gmin = 2.70769e-013
Gmin = 0
Gmin stepping succeeded in finding the operating point.


Date: Tue Jan 06 10:18:14 2026
Total elapsed time: 0.283 seconds.

tnom = 27
temp = 27
method = modified trap
totiter = 6339
traniter = 5925
tranpoints = 1765
accept = 1589
rejected = 176
matrix size = 76
fillins = 52
solver = Normal
Thread vector: 16.4/7.6[7] 8.2/2.5[7] 2.9/1.6[7] 0.2/1.1[1]  2592/500
Matrix Compiler1: 14.19 KB object code size  3.1/1.6/[0.7]
Matrix Compiler2: 9.91 KB object code size  2.5/2.0/[0.4]

